node : Could not find 'tests/items.test.js'
At line:1 char:8
+ cd ..; node --test tests/items.test.js 2>&1 > test-results.txt; Get-C ...
+        ~~~~~~~~~~~~~~~~~~~~~~~~~~~~~~~~~~~~~~~~~~~~~~~~~~~~~~~
    + CategoryInfo          : NotSpecified: (Could not find 'tests/items.test. 
   js':String) [], RemoteException
    + FullyQualifiedErrorId : NativeCommandError
 
