Γ£ô Shyam logged in successfully
Γ£ô Rakesh logged in successfully
Γ£ô Akhil logged in successfully
Γ£ô Nabeel logged in successfully
Γ£ö Login users and obtain auth tokens (463.8475ms)
Γ£ô Created 10/100 items
Γ£ô Created 20/100 items
Γ£ô Created 30/100 items
Γ£ô Created 40/100 items
Γ£ô Created 50/100 items
Γ£ô Created 60/100 items
Γ£ô Created 70/100 items
Γ£ô Created 80/100 items
Γ£ô Created 90/100 items
Γ£ô Created 100/100 items
Γ£ô Created 100 items across 4 users
Γ£ö Create 100 items with all fields filled and shuffled statuses (467.0057ms)
Γ£û Update items with all status values and verify data integrity (30.8838ms)
Γ£ô Retrieved 103 items across all pages
Γ£ö Retrieve all items and verify completion of 100 entries (74.0826ms)
Γ£û Search items by various fields (customer, brand, job number, phone) (9.8144ms)
Γ£ô Status group filtering verified
Γ£ö Filter items by status groups (inProgress, ready, pending) (29.0715ms)
Γ£û Verify all 7 status values are represented in the dataset (22.7662ms)
Γ£ô Permission verification successful (user can't delete)
