
> server@1.0.0 test
> cross-env NODE_OPTIONS=--experimental-vm-modules jest

node.exe : (node:12632) ExperimentalWarning: VM Modules is an experimental feature and might change at any time
At C:\nvm4w\nodejs\npm.ps1:16 char:5
+     & "$basedir/node$exe"  "$basedir/node_modules/npm/bin/npm-cli.js" ...
+     ~~~~~~~~~~~~~~~~~~~~~~~~~~~~~~~~~~~~~~~~~~~~~~~~~~~~~~~~~~~~~~~~~
    + CategoryInfo          : NotSpecified: ((node:12632) Ex...nge at any time:String) [], RemoteException
    + FullyQualifiedErrorId : NativeCommandError
 
(Use `node --trace-warnings ...` to show where the warning was created)
(node:23404) ExperimentalWarning: VM Modules is an experimental feature and might change at any time
(Use `node --trace-warnings ...` to show where the warning was created)
PASS src/__tests__/unit/items.aging.test.js
  ΓùÅ Console

    console.log
      2026-03-13 17:16:50 [33mwarn[39m: [33mcomputeAgingSummary: $dateDiff aggregation failed, using fallback:[39m 
{"0":"U","1":"n","2":"r","3":"e","4":"c","5":"o","6":"g","7":"n","8":"i","9":"z","10":"e","11":"d","12":" ","13":"e","14":"x","15":"p","16":"r","17":"e","18":"s","19":"s","20":"i","21":"o","22":"n","23":" 
","24":"'","25":"$","26":"d","27":"a","28":"t","29":"e","30":"D","31":"i","32":"f","33":"f","34":"'"}

      at Console.log (node_modules/winston/lib/winston/transports/console.js:87:23)

    console.log
      2026-03-13 17:16:50 [33mwarn[39m: [33mcomputeAgingSummary: $dateDiff aggregation failed, using fallback:[39m {"0":"$","1":"d","2":"a","3":"t","4":"e","5":"D","6":"i","7":"f","8":"f","9":" 
","10":"u","11":"n","12":"a","13":"v","14":"a","15":"i","16":"l","17":"a","18":"b","19":"l","20":"e"}

      at Console.log (node_modules/winston/lib/winston/transports/console.js:87:23)

(node:8712) ExperimentalWarning: VM Modules is an experimental feature and might change at any time
(Use `node --trace-warnings ...` to show where the warning was created)
PASS src/__tests__/unit/auth.middleware.test.js
PASS src/__tests__/unit/items.service.test.js
PASS src/__tests__/unit/fingerprint.domain.test.js
PASS src/__tests__/unit/technician.domain.test.js
PASS src/__tests__/unit/jobStatus.domain.test.js
PASS src/__tests__/unit/eventBus.test.js
FAIL src/__tests__/integration/auth.routes.test.js
  ΓùÅ Test suite failed to run

    Cannot find module 'zod' from '../shared/schemas/job.schema.js'

      at Resolver._throwModNotFoundError (node_modules/jest-resolve/build/index.js:863:11)

FAIL src/__tests__/integration/items.routes.test.js
  ΓùÅ Test suite failed to run

    Cannot find module 'zod' from '../shared/schemas/job.schema.js'

      at Resolver._throwModNotFoundError (node_modules/jest-resolve/build/index.js:863:11)


ReferenceError: You are trying to `import` a file after the Jest environment has been torn down. From src/__tests__/unit/items.validator.test.js.
FAIL src/__tests__/unit/items.validator.test.js
  ΓùÅ Test suite failed to run

    Cannot find module 'zod' from '../shared/schemas/job.schema.js'

      at Resolver._throwModNotFoundError (node_modules/jest-resolve/build/index.js:863:11)

PASS src/__tests__/unit/auth.service.test.js

Test Suites: 3 failed, 8 passed, 11 total
Tests:       142 passed, 142 total
Snapshots:   0 total
Time:        4.038 s
Ran all test suites.
