file:///C:/Users/AdminService/Documents/React_apps/chip_level_track/server/tests/items.test.js:234
});
^

SyntaxError: Unexpected token '}'
    at compileSourceTextModule (node:internal/modules/esm/utils:318:16)
    at ModuleLoader.moduleStrategy (node:internal/modules/esm/translators:111:18)
    at #translate (node:internal/modules/esm/loader:473:20)
    at afterLoad (node:internal/modules/esm/loader:529:29)
    at ModuleLoader.loadAndTranslate (node:internal/modules/esm/loader:534:12)
    at #getOrCreateModuleJobAfterResolve (node:internal/modules/esm/loader:577:36)
    at afterResolve (node:internal/modules/esm/loader:625:52)
    at ModuleLoader.getOrCreateModuleJob (node:internal/modules/esm/loader:631:12)
    at onImport.tracePromise.__proto__ (node:internal/modules/esm/loader:650:32)
    at TracingChannel.tracePromise (node:diagnostics_channel:350:14)

Node.js v24.13.1
Γ£û tests\items.test.js (73.949ms)
Γä╣ tests 1
Γä╣ suites 0
Γä╣ pass 0
Γä╣ fail 1
Γä╣ cancelled 0
Γä╣ skipped 0
Γä╣ todo 0
Γä╣ duration_ms 83.8941

Γ£û failing tests:

test at tests\items.test.js:1:1
Γ£û tests\items.test.js (73.949ms)
  'test failed'
